interactions:
- request:
    body: null
    headers:
      Accept:
      - '*/*'
      Accept-Encoding:
      - gzip, deflate
      authorization:
      - Token XXXXXXXX
    method: GET
    uri: https://desec.io/api/v1/auth/tokens/
  response:
    body:
      string: '[{"id":"3c39cad0-3f6a-45b0-9e00-8786d7133460","created":"2024-01-01T00:00:00.000000Z","last_used":null,"max_age":null,"max_unused_period":null,"name":"","perm_create_domain":false,"perm_delete_domain":false,"perm_manage_tokens":false,"allowed_subnets":["0.0.0.0/0","::/0"],"auto_policy":true,"is_valid":true},{"id":"01234567-890a-4bcd-ef01-23456789abcd","created":"2024-01-01T00:00:00.000000Z","last_used":"2024-01-01T00:00:00.000000Z","max_age":null,"max_unused_period":null,"name":"test-main","perm_create_domain":true,"perm_delete_domain":true,"perm_manage_tokens":true,"allowed_subnets":["0.0.0.0/0","::/0"],"auto_policy":false,"is_valid":true}]'
    headers:
      Allow:
      - GET, POST, HEAD, OPTIONS
      Cache-Control:
      - no-cache
      Connection:
      - keep-alive
      Content-Length:
      - '649'
      Content-Type:
      - application/json
      Date:
      - Mon, 01 Jan 2024 00:00:00 GMT
      Expires:
      - Thu, 01 Jan 1970 00:00:01 GMT
      Server:
      - nginx
      Strict-Transport-Security:
      - max-age=31536000; includeSubDomains; preload
      Vary:
      - origin
    status:
      code: 200
      message: OK
- request:
    body: '{"name": "", "auto_policy": false}'
    headers:
      Accept:
      - '*/*'
      Accept-Encoding:
      - gzip, deflate
      Content-Length:
      - '34'
      Content-Type:
      - application/json
      authorization:
      - Token XXXXXXXX
    method: POST
    uri: https://desec.io/api/v1/auth/tokens/
  response:
    body:
      string: '{"id":"9a63bd77-2eff-4784-bedd-50013ae96a0a","created":"2024-01-01T00:00:00.000000Z","last_used":null,"max_age":null,"max_unused_period":null,"name":"","perm_create_domain":false,"perm_delete_domain":false,"perm_manage_tokens":false,"allowed_subnets":["0.0.0.0/0","::/0"],"auto_policy":false,"is_valid":true,"token":"fKNuM5Uvj6YSLaxYAkvwgtoLWoWU"}'
    headers:
      Allow:
      - GET, POST, HEAD, OPTIONS
      Cache-Control:
      - no-cache
      Connection:
      - keep-alive
      Content-Length:
      - '347'
      Content-Type:
      - application/json
      Date:
      - Mon, 01 Jan 2024 00:00:00 GMT
      Expires:
      - Thu, 01 Jan 1970 00:00:01 GMT
      Server:
      - nginx
      Strict-Transport-Security:
      - max-age=31536000; includeSubDomains; preload
      Vary:
      - origin
    status:
      code: 201
      message: Created
- request:
    body: null
    headers:
      Accept:
      - '*/*'
      Accept-Encoding:
      - gzip, deflate
      authorization:
      - Token XXXXXXXX
    method: GET
    uri: https://desec.io/api/v1/auth/tokens/
  response:
    body:
      string: '[{"id":"9a63bd77-2eff-4784-bedd-50013ae96a0a","created":"2024-01-01T00:00:00.000000Z","last_used":null,"max_age":null,"max_unused_period":null,"name":"","perm_create_domain":false,"perm_delete_domain":false,"perm_manage_tokens":false,"allowed_subnets":["0.0.0.0/0","::/0"],"auto_policy":false,"is_valid":true},{"id":"3c39cad0-3f6a-45b0-9e00-8786d7133460","created":"2024-01-01T00:00:00.000000Z","last_used":null,"max_age":null,"max_unused_period":null,"name":"","perm_create_domain":false,"perm_delete_domain":false,"perm_manage_tokens":false,"allowed_subnets":["0.0.0.0/0","::/0"],"auto_policy":true,"is_valid":true},{"id":"01234567-890a-4bcd-ef01-23456789abcd","created":"2024-01-01T00:00:00.000000Z","last_used":"2024-01-01T00:00:00.000000Z","max_age":null,"max_unused_period":null,"name":"test-main","perm_create_domain":true,"perm_delete_domain":true,"perm_manage_tokens":true,"allowed_subnets":["0.0.0.0/0","::/0"],"auto_policy":false,"is_valid":true}]'
    headers:
      Allow:
      - GET, POST, HEAD, OPTIONS
      Cache-Control:
      - no-cache
      Connection:
      - keep-alive
      Content-Length:
      - '958'
      Content-Type:
      - application/json
      Date:
      - Mon, 01 Jan 2024 00:00:00 GMT
      Expires:
      - Thu, 01 Jan 1970 00:00:01 GMT
      Server:
      - nginx
      Strict-Transport-Security:
      - max-age=31536000; includeSubDomains; preload
      Vary:
      - origin
    status:
      code: 200
      message: OK
- request:
    body: null
    headers:
      Accept:
      - '*/*'
      Accept-Encoding:
      - gzip, deflate
      Content-Length:
      - '0'
      authorization:
      - Token XXXXXXXX
    method: DELETE
    uri: https://desec.io/api/v1/auth/tokens/9a63bd77-2eff-4784-bedd-50013ae96a0a/
  response:
    body:
      string: ''
    headers:
      Allow:
      - GET, PUT, PATCH, DELETE, HEAD, OPTIONS
      Cache-Control:
      - no-cache
      Connection:
      - keep-alive
      Content-Length:
      - '0'
      Date:
      - Mon, 01 Jan 2024 00:00:00 GMT
      Expires:
      - Thu, 01 Jan 1970 00:00:01 GMT
      Server:
      - nginx
      Strict-Transport-Security:
      - max-age=31536000; includeSubDomains; preload
      Vary:
      - origin
    status:
      code: 204
      message: No Content
version: 1
